// Jest Snapshot v1, https://goo.gl/fbAQLP

exports[`PasswordInput renders correctly snapshot 1`] = `
Array [
  <div>
    <input
      className=""
      name="input"
      type="password"
    />
    <div>
      <div
        onClick={[Function]}
      >
        <div />
      </div>
    </div>
  </div>,
  " ",
]
`;
